▲ Next.js 16.3.0 (Turbopack)
✓ Running next.config.mjs took 38ms

  Creating an optimized production build ...
✓ Compiled successfully in 19.2s
  Running TypeScript ...
  Finished TypeScript in 4.5s ...
  Collecting page data using 7 workers ...
  Generating static pages using 7 workers (0/23) ...
  Generating static pages using 7 workers (5/23) 
  Generating static pages using 7 workers (11/23) 
  Generating static pages using 7 workers (17/23) 
✓ Generating static pages using 7 workers (23/23) in 1323ms
  Finalizing page optimization ...

Route (app)
┌ ○ /
├ ○ /_not-found
├ ○ /asistente
├ ○ /checkout
├ ○ /confirmacion
├ ○ /contacto
├ ○ /cotizar
├ ƒ /cotizar/confirmacion/[id]
├ ○ /cotizar/finalizar
├ ○ /mi-proyecto
├ ○ /nosotros
├ ○ /productos
├ ƒ /productos/[slug]
├ ○ /proforma
├ ○ /proyectos
├ ○ /robots.txt
├ ○ /sitemap.xml
├ ○ /soluciones
└   /soluciones/[slug]
  ├ ● /soluciones/puertas-automatizacion
  ├ ● /soluciones/techos-coberturas
  ├ ● /soluciones/ventanas-mamparas
  └ ● [+3 more paths]


○  (Static)   prerendered as static content
●  (SSG)      prerendered as static HTML (uses generateStaticParams)
ƒ  (Dynamic)  server-rendered on demand

